2026-08-04 11:39:13,171 WARNING database DDL Query made to DB:
create table `tabSubcontracting Order Service Item` (
			name varchar(140) primary key,
			creation datetime(6),
			modified datetime(6),
			modified_by varchar(140),
			owner varchar(140),
			docstatus tinyint not null default '0',
			idx int not null default '0',
			`item_code` varchar(140),
`item_name` varchar(140),
`qty` decimal(21,9) NOT NULL DEFAULT 0.0,
`rate` decimal(21,9) NOT NULL DEFAULT 0.0,
`amount` decimal(21,9) NOT NULL DEFAULT 0.0,
`fg_item` varchar(140),
`fg_item_qty` decimal(21,9) NOT NULL DEFAULT 1.0,
`purchase_order_item` varchar(140),
`material_request` varchar(140),
`material_request_item` varchar(140),
index `item_code`(`item_code`),
index `purchase_order_item`(`purchase_order_item`),
parent varchar(140),
parentfield varchar(140),
parenttype varchar(140),
index parent(parent))
			ENGINE=InnoDB
			ROW_FORMAT=DYNAMIC
			CHARACTER SET=utf8mb4
			COLLATE=utf8mb4_unicode_ci
2026-08-04 11:39:13,265 WARNING database DDL Query made to DB:
create table `tabSubcontracting Inward Order Received Item` (
			name varchar(140) primary key,
			creation datetime(6),
			modified datetime(6),
			modified_by varchar(140),
			owner varchar(140),
			docstatus tinyint not null default '0',
			idx int not null default '0',
			`main_item_code` varchar(140),
`rm_item_code` varchar(140),
`is_customer_provided_item` tinyint(4) NOT NULL DEFAULT 0,
`is_additional_item` tinyint(4) NOT NULL DEFAULT 0,
`stock_uom` varchar(140),
`warehouse` varchar(140),
`bom_detail_no` varchar(140),
`reference_name` varchar(140),
`required_qty` decimal(21,9) NOT NULL DEFAULT 0.0,
`billed_qty` decimal(21,9) NOT NULL DEFAULT 0.0,
`received_qty` decimal(21,9) NOT NULL DEFAULT 0.0,
`consumed_qty` decimal(21,9) NOT NULL DEFAULT 0.0,
`work_order_qty` decimal(21,9) NOT NULL DEFAULT 0.0,
`returned_qty` decimal(21,9) NOT NULL DEFAULT 0.0,
`rate` decimal(21,9) NOT NULL DEFAULT 0.0,
parent varchar(140),
parentfield varchar(140),
parenttype varchar(140),
index parent(parent))
			ENGINE=InnoDB
			ROW_FORMAT=DYNAMIC
			CHARACTER SET=utf8mb4
			COLLATE=utf8mb4_unicode_ci
2026-08-04 11:39:13,349 WARNING database DDL Query made to DB:
create table `tabSubcontracting Inward Order` (
			name varchar(140) primary key,
			creation datetime(6),
			modified datetime(6),
			modified_by varchar(140),
			owner varchar(140),
			docstatus tinyint not null default '0',
			idx int not null default '0',
			`naming_series` varchar(140),
`sales_order` varchar(140),
`customer` varchar(140),
`customer_name` varchar(140),
`currency` varchar(140),
`company` varchar(140),
`transaction_date` date,
`customer_warehouse` varchar(140),
`amended_from` varchar(140),
`set_delivery_warehouse` varchar(140),
`title` varchar(140),
`status` varchar(140) DEFAULT 'Draft',
`per_raw_material_received` decimal(21,9) NOT NULL DEFAULT 0.0,
`per_produced` decimal(21,9) NOT NULL DEFAULT 0.0,
`per_delivered` decimal(21,9) NOT NULL DEFAULT 0.0,
`per_raw_material_returned` decimal(21,9) NOT NULL DEFAULT 0.0,
`per_process_loss` decimal(21,9) NOT NULL DEFAULT 0.0,
`per_returned` decimal(21,9) NOT NULL DEFAULT 0.0,
`_user_tags` text,
`_comments` text,
`_assign` text,
`_liked_by` text,
index `customer`(`customer`),
index `transaction_date`(`transaction_date`),
index `status`(`status`),
index creation(creation))
			ENGINE=InnoDB
			ROW_FORMAT=DYNAMIC
			CHARACTER SET=utf8mb4
			COLLATE=utf8mb4_unicode_ci
2026-08-04 11:39:13,426 WARNING database DDL Query made to DB:
create table `tabSubcontracting Receipt Supplied Item` (
			name varchar(140) primary key,
			creation datetime(6),
			modified datetime(6),
			modified_by varchar(140),
			owner varchar(140),
			docstatus tinyint not null default '0',
			idx int not null default '0',
			`main_item_code` varchar(140),
`rm_item_code` varchar(140),
`item_name` varchar(140),
`bom_detail_no` varchar(140),
`description` longtext,
`stock_uom` varchar(140),
`conversion_factor` decimal(21,9) NOT NULL DEFAULT 1.0,
`reference_name` varchar(140),
`rate` decimal(21,9) NOT NULL DEFAULT 0.0,
`amount` decimal(21,9) NOT NULL DEFAULT 0.0,
`available_qty_for_consumption` decimal(21,9) NOT NULL DEFAULT 0.0,
`required_qty` decimal(21,9) NOT NULL DEFAULT 0.0,
`consumed_qty` decimal(21,9) NOT NULL DEFAULT 0.0,
`current_stock` decimal(21,9) NOT NULL DEFAULT 0.0,
`serial_and_batch_bundle` varchar(140),
`use_serial_batch_fields` tinyint(4) NOT NULL DEFAULT 0,
`subcontracting_order` varchar(140),
`serial_no` text,
`batch_no` varchar(140),
`expense_account` varchar(140),
`cost_center` varchar(140),
parent varchar(140),
parentfield varchar(140),
parenttype varchar(140),
index parent(parent))
			ENGINE=InnoDB
			ROW_FORMAT=DYNAMIC
			CHARACTER SET=utf8mb4
			COLLATE=utf8mb4_unicode_ci
2026-08-04 11:39:13,556 WARNING database DDL Query made to DB:
create table `tabSubcontracting Order` (
			name varchar(140) primary key,
			creation datetime(6),
			modified datetime(6),
			modified_by varchar(140),
			owner varchar(140),
			docstatus tinyint not null default '0',
			idx int not null default '0',
			`naming_series` varchar(140),
`purchase_order` varchar(140),
`supplier` varchar(140),
`supplier_name` varchar(140),
`supplier_warehouse` varchar(140),
`supplier_currency` varchar(140),
`company` varchar(140),
`transaction_date` date,
`schedule_date` date,
`amended_from` varchar(140),
`cost_center` varchar(140),
`project` varchar(140),
`set_warehouse` varchar(140),
`total_qty` decimal(21,9) NOT NULL DEFAULT 0.0,
`total` decimal(21,9) NOT NULL DEFAULT 0.0,
`set_reserve_warehouse` varchar(140),
`reserve_stock` tinyint(4) NOT NULL DEFAULT 0,
`supplier_address` varchar(140),
`address_display` longtext,
`contact_person` varchar(140),
`contact_display` text,
`contact_mobile` text,
`contact_email` text,
`shipping_address` varchar(140),
`shipping_address_display` longtext,
`billing_address` varchar(140),
`billing_address_display` longtext,
`distribute_additional_costs_based_on` varchar(140) DEFAULT 'Qty',
`total_additional_costs` decimal(21,9) NOT NULL DEFAULT 0.0,
`title` varchar(140),
`status` varchar(140) DEFAULT 'Draft',
`per_received` decimal(21,9) NOT NULL DEFAULT 0.0,
`select_print_heading` varchar(140),
`letter_head` varchar(140),
`production_plan` varchar(140),
`_user_tags` text,
`_comments` text,
`_assign` text,
`_liked_by` text,
index `supplier`(`supplier`),
index `transaction_date`(`transaction_date`),
index `status`(`status`),
index creation(creation))
			ENGINE=InnoDB
			ROW_FORMAT=DYNAMIC
			CHARACTER SET=utf8mb4
			COLLATE=utf8mb4_unicode_ci
2026-08-04 11:39:13,633 WARNING database DDL Query made to DB:
create table `tabSubcontracting BOM` (
			name varchar(140) primary key,
			creation datetime(6),
			modified datetime(6),
			modified_by varchar(140),
			owner varchar(140),
			docstatus tinyint not null default '0',
			idx int not null default '0',
			`is_active` tinyint(4) NOT NULL DEFAULT 1,
`finished_good` varchar(140),
`finished_good_qty` decimal(21,9) NOT NULL DEFAULT 1.0,
`finished_good_uom` varchar(140),
`finished_good_bom` varchar(140),
`service_item` varchar(140),
`service_item_qty` decimal(21,9) NOT NULL DEFAULT 1.0,
`service_item_uom` varchar(140),
`conversion_factor` decimal(21,9) NOT NULL DEFAULT 0.0,
`_user_tags` text,
`_comments` text,
`_assign` text,
`_liked_by` text,
index `finished_good`(`finished_good`),
index `finished_good_bom`(`finished_good_bom`),
index `service_item`(`service_item`),
index creation(creation))
			ENGINE=InnoDB
			ROW_FORMAT=DYNAMIC
			CHARACTER SET=utf8mb4
			COLLATE=utf8mb4_unicode_ci
2026-08-04 11:39:13,692 WARNING database DDL Query made to DB:
create table `tabSubcontracting Order Supplied Item` (
			name varchar(140) primary key,
			creation datetime(6),
			modified datetime(6),
			modified_by varchar(140),
			owner varchar(140),
			docstatus tinyint not null default '0',
			idx int not null default '0',
			`main_item_code` varchar(140),
`rm_item_code` varchar(140),
`stock_uom` varchar(140),
`conversion_factor` decimal(21,9) NOT NULL DEFAULT 1.0,
`reserve_warehouse` varchar(140),
`bom_detail_no` varchar(140),
`reference_name` varchar(140),
`rate` decimal(21,9) NOT NULL DEFAULT 0.0,
`amount` decimal(21,9) NOT NULL DEFAULT 0.0,
`required_qty` decimal(21,9) NOT NULL DEFAULT 0.0,
`supplied_qty` decimal(21,9) NOT NULL DEFAULT 0.0,
`stock_reserved_qty` decimal(21,9) NOT NULL DEFAULT 0.0,
`consumed_qty` decimal(21,9) NOT NULL DEFAULT 0.0,
`returned_qty` decimal(21,9) NOT NULL DEFAULT 0.0,
`total_supplied_qty` decimal(21,9) NOT NULL DEFAULT 0.0,
parent varchar(140),
parentfield varchar(140),
parenttype varchar(140),
index parent(parent))
			ENGINE=InnoDB
			ROW_FORMAT=DYNAMIC
			CHARACTER SET=utf8mb4
			COLLATE=utf8mb4_unicode_ci
2026-08-04 11:39:13,756 WARNING database DDL Query made to DB:
create table `tabCommon Code` (
			name varchar(140) primary key,
			creation datetime(6),
			modified datetime(6),
			modified_by varchar(140),
			owner varchar(140),
			docstatus tinyint not null default '0',
			idx int not null default '0',
			`code_list` varchar(140),
`canonical_uri` varchar(140),
`title` varchar(300),
`common_code` varchar(300),
`description` text,
`additional_data` longtext,
`_user_tags` text,
`_comments` text,
`_assign` text,
`_liked_by` text,
index `code_list`(`code_list`),
index `common_code`(`common_code`),
index creation(creation))
			ENGINE=InnoDB
			ROW_FORMAT=DYNAMIC
			CHARACTER SET=utf8mb4
			COLLATE=utf8mb4_unicode_ci
2026-08-04 11:39:13,795 WARNING database DDL Query made to DB:
ALTER TABLE `tabCommon Code`
				ADD INDEX IF NOT EXISTS `code_list_common_code_index`(code_list, common_code)
2026-08-04 11:39:13,838 WARNING database DDL Query made to DB:
create table `tabCode List` (
			name varchar(140) primary key,
			creation datetime(6),
			modified datetime(6),
			modified_by varchar(140),
			owner varchar(140),
			docstatus tinyint not null default '0',
			idx int not null default '0',
			`title` varchar(140),
`canonical_uri` varchar(140),
`url` varchar(140),
`default_common_code` varchar(140),
`version` varchar(140),
`publisher` varchar(140),
`publisher_id` varchar(140),
`description` text,
`_user_tags` text,
`_comments` text,
`_assign` text,
`_liked_by` text,
index creation(creation))
			ENGINE=InnoDB
			ROW_FORMAT=DYNAMIC
			CHARACTER SET=utf8mb4
			COLLATE=utf8mb4_unicode_ci
2026-08-04 11:39:18,606 WARNING database DDL Query made to DB:
ALTER TABLE `tabUTM Campaign` ADD COLUMN `crm_campaign` varchar(140)
2026-08-04 11:39:18,767 WARNING database DDL Query made to DB:
ALTER TABLE `tabAddress` ADD COLUMN `tax_category` varchar(140), ADD COLUMN `is_your_company_address` tinyint(4) NOT NULL DEFAULT 0
2026-08-04 11:39:18,799 WARNING database DDL Query made to DB:
ALTER TABLE `tabContact` ADD COLUMN `is_billing_contact` tinyint(4) NOT NULL DEFAULT 0
2026-08-04 11:39:18,931 WARNING database DDL Query made to DB:
ALTER TABLE `tabEmail Account` ADD COLUMN `company` varchar(140)
2026-08-04 11:39:18,983 WARNING database DDL Query made to DB:
ALTER TABLE `tabCommunication` ADD COLUMN `company` varchar(140)
2026-08-04 12:17:57,072 WARNING database Couldn't set session time zone 'NoneType' object has no attribute 'get'
2026-08-04 12:24:01,301 WARNING database DDL Query made to DB:
create table `tabLinked Soil Analysis` (
			name varchar(140) primary key,
			creation datetime(6),
			modified datetime(6),
			modified_by varchar(140),
			owner varchar(140),
			docstatus tinyint not null default '0',
			idx int not null default '0',
			`soil_analysis` varchar(140),
parent varchar(140),
parentfield varchar(140),
parenttype varchar(140),
index parent(parent))
			ENGINE=InnoDB
			ROW_FORMAT=DYNAMIC
			CHARACTER SET=utf8mb4
			COLLATE=utf8mb4_unicode_ci
2026-08-04 12:24:01,405 WARNING database DDL Query made to DB:
create table `tabSoil Texture` (
			name varchar(140) primary key,
			creation datetime(6),
			modified datetime(6),
			modified_by varchar(140),
			owner varchar(140),
			docstatus tinyint not null default '0',
			idx int not null default '0',
			`location` longtext,
`collection_datetime` datetime(6),
`laboratory_testing_datetime` datetime(6),
`result_datetime` datetime(6),
`soil_type` varchar(140),
`clay_composition` decimal(21,9) NOT NULL DEFAULT 0.0,
`sand_composition` decimal(21,9) NOT NULL DEFAULT 0.0,
`silt_composition` decimal(21,9) NOT NULL DEFAULT 0.0,
`_user_tags` text,
`_comments` text,
`_assign` text,
`_liked_by` text,
index creation(creation),
index modified(modified))
			ENGINE=InnoDB
			ROW_FORMAT=DYNAMIC
			CHARACTER SET=utf8mb4
			COLLATE=utf8mb4_unicode_ci
2026-08-04 12:24:01,485 WARNING database DDL Query made to DB:
create table `tabAgriculture Task` (
			name varchar(140) primary key,
			creation datetime(6),
			modified datetime(6),
			modified_by varchar(140),
			owner varchar(140),
			docstatus tinyint not null default '0',
			idx int not null default '0',
			`task_name` varchar(140),
`start_day` int(11) NOT NULL DEFAULT 0,
`end_day` int(11) NOT NULL DEFAULT 0,
`holiday_management` varchar(140) DEFAULT 'Ignore holidays',
`priority` varchar(140) DEFAULT 'Low',
parent varchar(140),
parentfield varchar(140),
parenttype varchar(140),
index parent(parent))
			ENGINE=InnoDB
			ROW_FORMAT=DYNAMIC
			CHARACTER SET=utf8mb4
			COLLATE=utf8mb4_unicode_ci
2026-08-04 12:24:01,537 WARNING database DDL Query made to DB:
create table `tabLinked Soil Texture` (
			name varchar(140) primary key,
			creation datetime(6),
			modified datetime(6),
			modified_by varchar(140),
			owner varchar(140),
			docstatus tinyint not null default '0',
			idx int not null default '0',
			`soil_texture` varchar(140),
parent varchar(140),
parentfield varchar(140),
parenttype varchar(140),
index parent(parent))
			ENGINE=InnoDB
			ROW_FORMAT=DYNAMIC
			CHARACTER SET=utf8mb4
			COLLATE=utf8mb4_unicode_ci
2026-08-04 12:24:01,598 WARNING database DDL Query made to DB:
create table `tabSoil Analysis` (
			name varchar(140) primary key,
			creation datetime(6),
			modified datetime(6),
			modified_by varchar(140),
			owner varchar(140),
			docstatus tinyint not null default '0',
			idx int not null default '0',
			`location` longtext,
`collection_datetime` datetime(6),
`laboratory_testing_datetime` datetime(6),
`result_datetime` datetime(6),
`ca_per_k` varchar(140),
`ca_per_mg` varchar(140),
`mg_per_k` varchar(140),
`ca_mg_per_k` varchar(140),
`ca_per_k_ca_mg` varchar(140),
`invoice_number` varchar(140),
`_user_tags` text,
`_comments` text,
`_assign` text,
`_liked_by` text,
index creation(creation),
index modified(modified))
			ENGINE=InnoDB
			ROW_FORMAT=DYNAMIC
			CHARACTER SET=utf8mb4
			COLLATE=utf8mb4_unicode_ci
2026-08-04 12:24:01,692 WARNING database DDL Query made to DB:
create table `tabCrop Cycle` (
			name varchar(140) primary key,
			creation datetime(6),
			modified datetime(6),
			modified_by varchar(140),
			owner varchar(140),
			docstatus tinyint not null default '0',
			idx int not null default '0',
			`title` varchar(140) UNIQUE,
`crop` varchar(140),
`project` varchar(140),
`start_date` date,
`end_date` varchar(140),
`iso_8601_standard` tinyint(4) NOT NULL DEFAULT 0,
`cycle_type` varchar(140),
`crop_spacing` decimal(21,9) NOT NULL DEFAULT 0.0,
`crop_spacing_uom` varchar(140),
`row_spacing` decimal(21,9) NOT NULL DEFAULT 0.0,
`row_spacing_uom` varchar(140),
`_user_tags` text,
`_comments` text,
`_assign` text,
`_liked_by` text,
index creation(creation),
index modified(modified))
			ENGINE=InnoDB
			ROW_FORMAT=DYNAMIC
			CHARACTER SET=utf8mb4
			COLLATE=utf8mb4_unicode_ci
2026-08-04 12:24:01,749 WARNING database DDL Query made to DB:
create table `tabLinked Plant Analysis` (
			name varchar(140) primary key,
			creation datetime(6),
			modified datetime(6),
			modified_by varchar(140),
			owner varchar(140),
			docstatus tinyint not null default '0',
			idx int not null default '0',
			`plant_analysis` varchar(140),
parent varchar(140),
parentfield varchar(140),
parenttype varchar(140),
index parent(parent))
			ENGINE=InnoDB
			ROW_FORMAT=DYNAMIC
			CHARACTER SET=utf8mb4
			COLLATE=utf8mb4_unicode_ci
2026-08-04 12:24:01,812 WARNING database DDL Query made to DB:
create table `tabWater Analysis Criteria` (
			name varchar(140) primary key,
			creation datetime(6),
			modified datetime(6),
			modified_by varchar(140),
			owner varchar(140),
			docstatus tinyint not null default '0',
			idx int not null default '0',
			`title` varchar(140),
`value` varchar(140),
`minimum_permissible_value` varchar(140),
`maximum_permissible_value` varchar(140),
parent varchar(140),
parentfield varchar(140),
parenttype varchar(140),
index parent(parent))
			ENGINE=InnoDB
			ROW_FORMAT=DYNAMIC
			CHARACTER SET=utf8mb4
			COLLATE=utf8mb4_unicode_ci
2026-08-04 12:24:01,868 WARNING database DDL Query made to DB:
create table `tabSoil Texture Criteria` (
			name varchar(140) primary key,
			creation datetime(6),
			modified datetime(6),
			modified_by varchar(140),
			owner varchar(140),
			docstatus tinyint not null default '0',
			idx int not null default '0',
			`title` varchar(140),
`value` varchar(140),
`minimum_permissible_value` varchar(140),
`maximum_permissible_value` varchar(140),
parent varchar(140),
parentfield varchar(140),
parenttype varchar(140),
index parent(parent))
			ENGINE=InnoDB
			ROW_FORMAT=DYNAMIC
			CHARACTER SET=utf8mb4
			COLLATE=utf8mb4_unicode_ci
2026-08-04 12:24:01,926 WARNING database DDL Query made to DB:
create table `tabDisease` (
			name varchar(140) primary key,
			creation datetime(6),
			modified datetime(6),
			modified_by varchar(140),
			owner varchar(140),
			docstatus tinyint not null default '0',
			idx int not null default '0',
			`common_name` varchar(140) UNIQUE,
`scientific_name` varchar(140),
`treatment_period` int(11) NOT NULL DEFAULT 0,
`description` longtext,
`_user_tags` text,
`_comments` text,
`_assign` text,
`_liked_by` text,
index creation(creation),
index modified(modified))
			ENGINE=InnoDB
			ROW_FORMAT=DYNAMIC
			CHARACTER SET=utf8mb4
			COLLATE=utf8mb4_unicode_ci
2026-08-04 12:24:01,995 WARNING database DDL Query made to DB:
create table `tabWater Analysis` (
			name varchar(140) primary key,
			creation datetime(6),
			modified datetime(6),
			modified_by varchar(140),
			owner varchar(140),
			docstatus tinyint not null default '0',
			idx int not null default '0',
			`location` longtext,
`collection_datetime` datetime(6),
`laboratory_testing_datetime` datetime(6),
`result_datetime` datetime(6),
`type_of_sample` varchar(140),
`container` varchar(140),
`origin` varchar(140),
`collection_temperature` varchar(140),
`storage_temperature` varchar(140),
`appearance` varchar(140),
`person_responsible` varchar(140),
`_user_tags` text,
`_comments` text,
`_assign` text,
`_liked_by` text,
index creation(creation),
index modified(modified))
			ENGINE=InnoDB
			ROW_FORMAT=DYNAMIC
			CHARACTER SET=utf8mb4
			COLLATE=utf8mb4_unicode_ci
2026-08-04 12:24:02,113 WARNING database DDL Query made to DB:
create table `tabCrop` (
			name varchar(140) primary key,
			creation datetime(6),
			modified datetime(6),
			modified_by varchar(140),
			owner varchar(140),
			docstatus tinyint not null default '0',
			idx int not null default '0',
			`title` varchar(140) UNIQUE,
`crop_name` varchar(140),
`scientific_name` varchar(140),
`period` int(11) NOT NULL DEFAULT 0,
`crop_spacing` decimal(21,9) NOT NULL DEFAULT 0.0,
`crop_spacing_uom` varchar(140),
`row_spacing` decimal(21,9) NOT NULL DEFAULT 0.0,
`row_spacing_uom` varchar(140),
`type` varchar(140),
`category` varchar(140),
`target_warehouse` varchar(140),
`planting_uom` varchar(140),
`planting_area` varchar(140),
`yield_uom` varchar(140),
`_user_tags` text,
`_comments` text,
`_assign` text,
`_liked_by` text,
index creation(creation),
index modified(modified))
			ENGINE=InnoDB
			ROW_FORMAT=DYNAMIC
			CHARACTER SET=utf8mb4
			COLLATE=utf8mb4_unicode_ci
2026-08-04 12:24:02,207 WARNING database DDL Query made to DB:
create table `tabFertilizer` (
			name varchar(140) primary key,
			creation datetime(6),
			modified datetime(6),
			modified_by varchar(140),
			owner varchar(140),
			docstatus tinyint not null default '0',
			idx int not null default '0',
			`fertilizer_name` varchar(140) UNIQUE,
`item` varchar(140),
`density` varchar(140),
`_user_tags` text,
`_comments` text,
`_assign` text,
`_liked_by` text,
index creation(creation),
index modified(modified))
			ENGINE=InnoDB
			ROW_FORMAT=DYNAMIC
			CHARACTER SET=utf8mb4
			COLLATE=utf8mb4_unicode_ci
2026-08-04 12:24:02,280 WARNING database DDL Query made to DB:
create table `tabWeather` (
			name varchar(140) primary key,
			creation datetime(6),
			modified datetime(6),
			modified_by varchar(140),
			owner varchar(140),
			docstatus tinyint not null default '0',
			idx int not null default '0',
			`location` varchar(140),
`date` date,
`source` varchar(140),
`_user_tags` text,
`_comments` text,
`_assign` text,
`_liked_by` text,
index creation(creation),
index modified(modified))
			ENGINE=InnoDB
			ROW_FORMAT=DYNAMIC
			CHARACTER SET=utf8mb4
			COLLATE=utf8mb4_unicode_ci
2026-08-04 12:24:02,343 WARNING database DDL Query made to DB:
create table `tabWeather Parameter` (
			name varchar(140) primary key,
			creation datetime(6),
			modified datetime(6),
			modified_by varchar(140),
			owner varchar(140),
			docstatus tinyint not null default '0',
			idx int not null default '0',
			`title` varchar(140),
`value` varchar(140),
`minimum_permissible_value` varchar(140),
`maximum_permissible_value` varchar(140),
parent varchar(140),
parentfield varchar(140),
parenttype varchar(140),
index parent(parent))
			ENGINE=InnoDB
			ROW_FORMAT=DYNAMIC
			CHARACTER SET=utf8mb4
			COLLATE=utf8mb4_unicode_ci
2026-08-04 12:24:02,416 WARNING database DDL Query made to DB:
create table `tabPlant Analysis` (
			name varchar(140) primary key,
			creation datetime(6),
			modified datetime(6),
			modified_by varchar(140),
			owner varchar(140),
			docstatus tinyint not null default '0',
			idx int not null default '0',
			`crop` varchar(140),
`location` longtext,
`collection_datetime` datetime(6),
`laboratory_testing_datetime` datetime(6),
`result_datetime` datetime(6),
`_user_tags` text,
`_comments` text,
`_assign` text,
`_liked_by` text,
index creation(creation),
index modified(modified))
			ENGINE=InnoDB
			ROW_FORMAT=DYNAMIC
			CHARACTER SET=utf8mb4
			COLLATE=utf8mb4_unicode_ci
2026-08-04 12:24:02,473 WARNING database DDL Query made to DB:
create table `tabFertilizer Content` (
			name varchar(140) primary key,
			creation datetime(6),
			modified datetime(6),
			modified_by varchar(140),
			owner varchar(140),
			docstatus tinyint not null default '0',
			idx int not null default '0',
			`title` varchar(140),
`value` varchar(140),
parent varchar(140),
parentfield varchar(140),
parenttype varchar(140),
index parent(parent))
			ENGINE=InnoDB
			ROW_FORMAT=DYNAMIC
			CHARACTER SET=utf8mb4
			COLLATE=utf8mb4_unicode_ci
2026-08-04 12:24:02,538 WARNING database DDL Query made to DB:
create table `tabDetected Disease` (
			name varchar(140) primary key,
			creation datetime(6),
			modified datetime(6),
			modified_by varchar(140),
			owner varchar(140),
			docstatus tinyint not null default '0',
			idx int not null default '0',
			`disease` varchar(140),
`start_date` date,
`tasks_created` tinyint(4) NOT NULL DEFAULT 0,
parent varchar(140),
parentfield varchar(140),
parenttype varchar(140),
index parent(parent))
			ENGINE=InnoDB
			ROW_FORMAT=DYNAMIC
			CHARACTER SET=utf8mb4
			COLLATE=utf8mb4_unicode_ci
2026-08-04 12:24:02,589 WARNING database DDL Query made to DB:
create table `tabAgriculture Analysis Criteria` (
			name varchar(140) primary key,
			creation datetime(6),
			modified datetime(6),
			modified_by varchar(140),
			owner varchar(140),
			docstatus tinyint not null default '0',
			idx int not null default '0',
			`title` varchar(140) UNIQUE,
`standard` tinyint(4) NOT NULL DEFAULT 0,
`linked_doctype` varchar(140),
`_user_tags` text,
`_comments` text,
`_assign` text,
`_liked_by` text,
index creation(creation),
index modified(modified))
			ENGINE=InnoDB
			ROW_FORMAT=DYNAMIC
			CHARACTER SET=utf8mb4
			COLLATE=utf8mb4_unicode_ci
2026-08-04 12:24:02,646 WARNING database DDL Query made to DB:
create table `tabPlant Analysis Criteria` (
			name varchar(140) primary key,
			creation datetime(6),
			modified datetime(6),
			modified_by varchar(140),
			owner varchar(140),
			docstatus tinyint not null default '0',
			idx int not null default '0',
			`title` varchar(140),
`value` varchar(140),
`minimum_permissible_value` varchar(140),
`maximum_permissible_value` varchar(140),
parent varchar(140),
parentfield varchar(140),
parenttype varchar(140),
index parent(parent))
			ENGINE=InnoDB
			ROW_FORMAT=DYNAMIC
			CHARACTER SET=utf8mb4
			COLLATE=utf8mb4_unicode_ci
2026-08-04 12:24:02,707 WARNING database DDL Query made to DB:
create table `tabSoil Analysis Criteria` (
			name varchar(140) primary key,
			creation datetime(6),
			modified datetime(6),
			modified_by varchar(140),
			owner varchar(140),
			docstatus tinyint not null default '0',
			idx int not null default '0',
			`title` varchar(140),
`value` varchar(140),
`minimum_permissible_value` varchar(140),
`maximum_permissible_value` varchar(140),
parent varchar(140),
parentfield varchar(140),
parenttype varchar(140),
index parent(parent))
			ENGINE=InnoDB
			ROW_FORMAT=DYNAMIC
			CHARACTER SET=utf8mb4
			COLLATE=utf8mb4_unicode_ci
2026-08-04 12:24:02,787 WARNING database DDL Query made to DB:
ALTER TABLE `tabLinked Location` ADD INDEX `modified`(`modified`)
2026-08-04 12:24:20,309 WARNING database Couldn't set session time zone 'NoneType' object has no attribute 'get'
2026-08-04 12:24:41,495 WARNING database Couldn't set session time zone 'NoneType' object has no attribute 'get'
2026-08-04 12:27:28,722 WARNING database Couldn't set session time zone 'NoneType' object has no attribute 'get'
2026-08-04 12:30:40,707 WARNING database Couldn't set session time zone 'NoneType' object has no attribute 'get'
2026-08-04 12:31:01,023 WARNING database Couldn't set session time zone 'NoneType' object has no attribute 'get'
2026-08-04 12:33:42,811 WARNING database Couldn't set session time zone 'NoneType' object has no attribute 'get'
2026-08-04 12:33:47,732 WARNING database Couldn't set session time zone 'NoneType' object has no attribute 'get'
2026-08-04 12:41:48,083 WARNING database DDL Query made to DB:
ALTER TABLE `tabLinked Soil Analysis` ADD INDEX `modified`(`modified`)
2026-08-04 12:41:48,270 WARNING database DDL Query made to DB:
ALTER TABLE `tabAgriculture Task` ADD INDEX `modified`(`modified`)
2026-08-04 12:41:48,350 WARNING database DDL Query made to DB:
ALTER TABLE `tabLinked Soil Texture` ADD INDEX `modified`(`modified`)
2026-08-04 12:41:48,559 WARNING database DDL Query made to DB:
ALTER TABLE `tabLinked Plant Analysis` ADD INDEX `modified`(`modified`)
2026-08-04 12:41:48,634 WARNING database DDL Query made to DB:
ALTER TABLE `tabWater Analysis Criteria` ADD INDEX `modified`(`modified`)
2026-08-04 12:41:48,711 WARNING database DDL Query made to DB:
ALTER TABLE `tabSoil Texture Criteria` ADD INDEX `modified`(`modified`)
2026-08-04 12:41:49,144 WARNING database DDL Query made to DB:
ALTER TABLE `tabWeather Parameter` ADD INDEX `modified`(`modified`)
2026-08-04 12:41:49,270 WARNING database DDL Query made to DB:
ALTER TABLE `tabFertilizer Content` ADD INDEX `modified`(`modified`)
2026-08-04 12:41:49,342 WARNING database DDL Query made to DB:
ALTER TABLE `tabDetected Disease` ADD INDEX `modified`(`modified`)
2026-08-04 12:41:49,479 WARNING database DDL Query made to DB:
ALTER TABLE `tabPlant Analysis Criteria` ADD INDEX `modified`(`modified`)
2026-08-04 12:41:49,545 WARNING database DDL Query made to DB:
ALTER TABLE `tabSoil Analysis Criteria` ADD INDEX `modified`(`modified`)
2026-08-04 12:41:55,199 WARNING database Couldn't set session time zone 'NoneType' object has no attribute 'get'
2026-08-04 12:42:06,235 WARNING database Couldn't set session time zone 'NoneType' object has no attribute 'get'
2026-08-06 14:40:03,905 WARNING database DDL Query made to DB:
create table `tabTask Material Detail` (
			name varchar(140) primary key,
			creation datetime(6),
			modified datetime(6),
			modified_by varchar(140),
			owner varchar(140),
			docstatus tinyint not null default '0',
			idx int not null default '0',
			parent varchar(140),
parentfield varchar(140),
parenttype varchar(140),
index parent(parent))
			ENGINE=InnoDB
			ROW_FORMAT=DYNAMIC
			CHARACTER SET=utf8mb4
			COLLATE=utf8mb4_unicode_ci
2026-08-06 14:42:08,216 WARNING database DDL Query made to DB:
alter table `tabTask Material Detail` add column if not exists parent varchar(140)
2026-08-06 14:42:08,217 WARNING database DDL Query made to DB:
alter table `tabTask Material Detail` add column if not exists parenttype varchar(140)
2026-08-06 14:42:08,217 WARNING database DDL Query made to DB:
alter table `tabTask Material Detail` add column if not exists parentfield varchar(140)
2026-08-06 14:42:08,286 WARNING database DDL Query made to DB:
ALTER TABLE `tabTask Material Detail` ADD COLUMN `item_code` varchar(140), ADD COLUMN `item_name` varchar(140), ADD COLUMN `qty_required` decimal(21,9) NOT NULL DEFAULT 0.0, ADD COLUMN `uom` varchar(140)
2026-08-06 14:43:44,100 WARNING database DDL Query made to DB:
alter table `tabTask Material Detail` add column if not exists parent varchar(140)
2026-08-06 14:43:44,101 WARNING database DDL Query made to DB:
alter table `tabTask Material Detail` add column if not exists parenttype varchar(140)
2026-08-06 14:43:44,101 WARNING database DDL Query made to DB:
alter table `tabTask Material Detail` add column if not exists parentfield varchar(140)
2026-08-06 14:47:53,815 WARNING database DDL Query made to DB:
alter table `tabTask Material Detail` add column if not exists parent varchar(140)
2026-08-06 14:47:53,815 WARNING database DDL Query made to DB:
alter table `tabTask Material Detail` add column if not exists parenttype varchar(140)
2026-08-06 14:47:53,815 WARNING database DDL Query made to DB:
alter table `tabTask Material Detail` add column if not exists parentfield varchar(140)
2026-08-20 12:14:33,925 WARNING database Couldn't set session time zone 'NoneType' object has no attribute 'get'
2026-08-20 12:16:44,044 WARNING database Couldn't set session time zone 'NoneType' object has no attribute 'get'
2026-08-20 12:36:48,206 WARNING database Couldn't set session time zone 'NoneType' object has no attribute 'get'
